  Determining projects to restore...
  All projects are up-to-date for restore.
  Motely -> X:\BalatroSeedOracle\external\Motely\Motely\bin\Debug\net10.0\Motely.dll
X:\BalatroSeedOracle\external\Motely\Motely.Tests\JamlParsingTests.cs(11,18): error CS0117: 'Verifier' does not contain a definition for 'Initialize' [X:\BalatroSeedOracle\external\Motely\Motely.Tests\Motely.Tests.csproj]
X:\BalatroSeedOracle\external\Motely\Motely.Tests\JamlParsingTests.cs(71,23): warning CS8602: Dereference of a possibly null reference. [X:\BalatroSeedOracle\external\Motely\Motely.Tests\Motely.Tests.csproj]

Build FAILED.

X:\BalatroSeedOracle\external\Motely\Motely.Tests\JamlParsingTests.cs(71,23): warning CS8602: Dereference of a possibly null reference. [X:\BalatroSeedOracle\external\Motely\Motely.Tests\Motely.Tests.csproj]
X:\BalatroSeedOracle\external\Motely\Motely.Tests\JamlParsingTests.cs(11,18): error CS0117: 'Verifier' does not contain a definition for 'Initialize' [X:\BalatroSeedOracle\external\Motely\Motely.Tests\Motely.Tests.csproj]
    1 Warning(s)
    1 Error(s)

Time Elapsed 00:00:00.78
